// Jest Snapshot v1, https://goo.gl/fbAQLP

exports[`<FormulaDetails /> should render 1`] = `
.c6 {
  margin: 1.6rem 0;
}

.c7 {
  display: -webkit-box;
  display: -webkit-flex;
  display: -ms-flexbox;
  display: flex;
}

.c1 {
  display: block;
  margin-bottom: 1.6rem;
}

.c0 {
  margin-top: 2rem;
}

.c2 {
  font-weight: bold;
  font-size: 1.4rem;
}

.c3 {
  list-style-type: disc;
}

.c4 {
  font-size: 1.4rem;
}

.c5 {
  margin: 1.6rem 0;
}

<div>
  <details
    class="c0"
  >
    <summary
      class="c1"
    >
      Voir le détail du calcul
    </summary>
    <strong
      class="c2"
    >
      Éléments saisis :
    </strong>
    <ul
      class="c3"
    >
      <li
        class="c4"
      >
        Value 2
         : 
        1
      </li>
      <li
        class="c4"
      >
        value 1
         : 
        foo
      </li>
    </ul>
    <strong
      class="c2"
    >
      Formule :
    </strong>
    <div
      class="c5"
    >
      <div
        class="c6"
      >
        <div
          class="c7"
        >
          <div>
            <span
              class="katex-display"
            >
              <span
                class="katex"
              >
                <span
                  class="katex-mathml"
                >
                  <math
                    display="block"
                    xmlns="http://www.w3.org/1998/Math/MathML"
                  >
                    <semantics>
                      <mrow>
                        <mfrac>
                          <mn>
                            1
                          </mn>
                          <mn>
                            3
                          </mn>
                        </mfrac>
                        <mo>
                          ×
                        </mo>
                        <mn>
                          3.14
                        </mn>
                        <mi
                          mathvariant="normal"
                        >
                          %
                        </mi>
                      </mrow>
                      <annotation
                        encoding="application/x-tex"
                      >
                        \\frac{1}{3} \\times 3.14\\%
                      </annotation>
                    </semantics>
                  </math>
                </span>
                <span
                  aria-hidden="true"
                  class="katex-html"
                >
                  <span
                    class="base"
                  >
                    <span
                      class="strut"
                      style="height:2.00744em;vertical-align:-0.686em;"
                    />
                    <span
                      class="mord"
                    >
                      <span
                        class="mopen nulldelimiter"
                      />
                      <span
                        class="mfrac"
                      >
                        <span
                          class="vlist-t vlist-t2"
                        >
                          <span
                            class="vlist-r"
                          >
                            <span
                              class="vlist"
                              style="height:1.32144em;"
                            >
                              <span
                                style="top:-2.314em;"
                              >
                                <span
                                  class="pstrut"
                                  style="height:3em;"
                                />
                                <span
                                  class="mord"
                                >
                                  <span
                                    class="mord"
                                  >
                                    3
                                  </span>
                                </span>
                              </span>
                              <span
                                style="top:-3.23em;"
                              >
                                <span
                                  class="pstrut"
                                  style="height:3em;"
                                />
                                <span
                                  class="frac-line"
                                  style="border-bottom-width:0.04em;"
                                />
                              </span>
                              <span
                                style="top:-3.677em;"
                              >
                                <span
                                  class="pstrut"
                                  style="height:3em;"
                                />
                                <span
                                  class="mord"
                                >
                                  <span
                                    class="mord"
                                  >
                                    1
                                  </span>
                                </span>
                              </span>
                            </span>
                            <span
                              class="vlist-s"
                            >
                              ​
                            </span>
                          </span>
                          <span
                            class="vlist-r"
                          >
                            <span
                              class="vlist"
                              style="height:0.686em;"
                            >
                              <span />
                            </span>
                          </span>
                        </span>
                      </span>
                      <span
                        class="mclose nulldelimiter"
                      />
                    </span>
                    <span
                      class="mspace"
                      style="margin-right:0.2222222222222222em;"
                    />
                    <span
                      class="mbin"
                    >
                      ×
                    </span>
                    <span
                      class="mspace"
                      style="margin-right:0.2222222222222222em;"
                    />
                  </span>
                  <span
                    class="base"
                  >
                    <span
                      class="strut"
                      style="height:0.80556em;vertical-align:-0.05556em;"
                    />
                    <span
                      class="mord"
                    >
                      3.14%
                    </span>
                  </span>
                </span>
              </span>
            </span>
          </div>
        </div>
      </div>
    </div>
  </details>
</div>
`;
