// Jest Snapshot v1, https://goo.gl/fbAQLP

exports[`<IndemniteLegale /> should render 1`] = `
.c0 {
  margin-top: 3.2rem;
  margin-bottom: 2rem;
  color: #4d73b8;
  font-weight: 600;
  font-size: 1.8rem;
  font-family: "Open Sans",sans-serif;
}

.c1 {
  color: #f66663;
  font-weight: 700;
  font-size: 1.8rem;
  white-space: pre-line;
}

.c8 {
  margin: 1.6rem 0;
}

.c9 {
  display: -webkit-box;
  display: -webkit-flex;
  display: -ms-flexbox;
  display: flex;
}

.c3 {
  display: block;
  margin-bottom: 1.6rem;
}

.c2 {
  margin-top: 2rem;
}

.c4 {
  font-weight: bold;
  font-size: 1.4rem;
}

.c5 {
  list-style-type: disc;
}

.c6 {
  font-size: 1.4rem;
}

.c7 {
  margin: 1.6rem 0;
}

@media (max-width:600px) {
  .c1 {
    font-size: 1.6rem;
  }
}

<div>
  <h2
    class="c0"
  >
    Indemnité légale
  </h2>
  <p>
    Le code du travail prévoit un montant minimum de
     
    <strong
      class="c1"
    >
      42,00
       € brut.
    </strong>
     
  </p>
  <details
    class="c2"
  >
    <summary
      class="c3"
    >
      Voir le détail du calcul
    </summary>
    <strong
      class="c4"
    >
      Éléments saisis :
    </strong>
    <ul
      class="c5"
    >
      <li
        class="c6"
      >
        value
         : 
        1
      </li>
    </ul>
    <strong
      class="c4"
    >
      Formule :
    </strong>
    <div
      class="c7"
    >
      <div
        class="c8"
      >
        <div
          class="c9"
        >
          <div>
            <span
              class="katex-display"
            >
              <span
                class="katex"
              >
                <span
                  class="katex-mathml"
                >
                  <math
                    display="block"
                    xmlns="http://www.w3.org/1998/Math/MathML"
                  >
                    <semantics>
                      <mrow>
                        <mfrac>
                          <mn>
                            13
                          </mn>
                          <mn>
                            37
                          </mn>
                        </mfrac>
                        <mo>
                          ×
                        </mo>
                        <mn>
                          3.14
                        </mn>
                      </mrow>
                      <annotation
                        encoding="application/x-tex"
                      >
                        \\frac{13}{37} \\times 3.14
                      </annotation>
                    </semantics>
                  </math>
                </span>
                <span
                  aria-hidden="true"
                  class="katex-html"
                >
                  <span
                    class="base"
                  >
                    <span
                      class="strut"
                      style="height:2.00744em;vertical-align:-0.686em;"
                    />
                    <span
                      class="mord"
                    >
                      <span
                        class="mopen nulldelimiter"
                      />
                      <span
                        class="mfrac"
                      >
                        <span
                          class="vlist-t vlist-t2"
                        >
                          <span
                            class="vlist-r"
                          >
                            <span
                              class="vlist"
                              style="height:1.32144em;"
                            >
                              <span
                                style="top:-2.314em;"
                              >
                                <span
                                  class="pstrut"
                                  style="height:3em;"
                                />
                                <span
                                  class="mord"
                                >
                                  <span
                                    class="mord"
                                  >
                                    37
                                  </span>
                                </span>
                              </span>
                              <span
                                style="top:-3.23em;"
                              >
                                <span
                                  class="pstrut"
                                  style="height:3em;"
                                />
                                <span
                                  class="frac-line"
                                  style="border-bottom-width:0.04em;"
                                />
                              </span>
                              <span
                                style="top:-3.677em;"
                              >
                                <span
                                  class="pstrut"
                                  style="height:3em;"
                                />
                                <span
                                  class="mord"
                                >
                                  <span
                                    class="mord"
                                  >
                                    13
                                  </span>
                                </span>
                              </span>
                            </span>
                            <span
                              class="vlist-s"
                            >
                              ​
                            </span>
                          </span>
                          <span
                            class="vlist-r"
                          >
                            <span
                              class="vlist"
                              style="height:0.686em;"
                            >
                              <span />
                            </span>
                          </span>
                        </span>
                      </span>
                      <span
                        class="mclose nulldelimiter"
                      />
                    </span>
                    <span
                      class="mspace"
                      style="margin-right:0.2222222222222222em;"
                    />
                    <span
                      class="mbin"
                    >
                      ×
                    </span>
                    <span
                      class="mspace"
                      style="margin-right:0.2222222222222222em;"
                    />
                  </span>
                  <span
                    class="base"
                  >
                    <span
                      class="strut"
                      style="height:0.64444em;vertical-align:0em;"
                    />
                    <span
                      class="mord"
                    >
                      3.14
                    </span>
                  </span>
                </span>
              </span>
            </span>
          </div>
        </div>
      </div>
    </div>
  </details>
  <p>
    Source :
     
    <a
      href="https://www.legifrance.gouv.fr/affichCodeArticle.do?idArticle=LEGIARTI000035644154&cidTexte=LEGITEXT000006072050&dateTexte=20170924"
      rel="nofollow noopener"
      title="voir l'article L.1234-9 du code du travail sur légifrance"
    >
      Article L.1234-9 du code du travail
    </a>
    ,
    <a
      href="https://www.legifrance.gouv.fr/affichCode.do?idSectionTA=LEGISCTA000018537572&cidTexte=LEGITEXT000006072050&dateTexte=20170927"
      rel="nofollow noopener"
      title="voir les articles R1234-1 à R1234-4 du code du travail sur légifrance"
    >
      Article R1234-1 à R1234-4 du code du travail
    </a>
  </p>
</div>
`;
