// Jest Snapshot v1, https://goo.gl/fbAQLP

exports[`<StepIndemnite /> should render 1`] = `
.c10 {
  position: relative;
  display: -webkit-inline-box;
  display: -webkit-inline-flex;
  display: -ms-inline-flexbox;
  display: inline-flex;
  -webkit-box-pack: justify;
  -webkit-justify-content: space-between;
  -ms-flex-pack: justify;
  justify-content: space-between;
  width: auto;
  min-height: 48px;
  color: #3e486e;
  background-color: #fff;
  border-color: #7994d4;
  border-style: solid;
  border-width: 2px;
  border-radius: 0.6rem;
  box-shadow: none;
  -webkit-animation: none;
  animation: none;
}

.c11 {
  -webkit-box-flex: 1;
  -webkit-flex-grow: 1;
  -ms-flex-positive: 1;
  flex-grow: 1;
  -webkit-align-self: center;
  -ms-flex-item-align: center;
  align-self: center;
  padding: 1rem 1.6rem;
  text-align: left;
}

.c0 {
  margin-top: 3.2rem;
  margin-bottom: 2rem;
  color: #4d73b8;
  font-weight: 600;
  font-size: 1.8rem;
  font-family: "Open Sans",sans-serif;
}

.c1 {
  color: #f66663;
  font-weight: 700;
  font-size: 1.8rem;
  white-space: pre-line;
}

.c8 {
  margin: 1.6rem 0;
}

.c9 {
  display: -webkit-box;
  display: -webkit-flex;
  display: -ms-flexbox;
  display: flex;
}

.c3 {
  display: block;
  margin-bottom: 1.6rem;
}

.c2 {
  margin-top: 2rem;
}

.c4 {
  font-weight: bold;
  font-size: 1.4rem;
}

.c5 {
  list-style-type: disc;
}

.c6 {
  font-size: 1.4rem;
}

.c7 {
  margin: 1.6rem 0;
}

@media print {
  .c10 {
    display: none;
  }
}

@media (max-width:600px) {
  .c1 {
    font-size: 1.6rem;
  }
}

<div>
  <h2
    class="c0"
  >
    Indemnité légale
  </h2>
  <p>
    Le code du travail prévoit un montant minimum de
     
    <strong
      class="c1"
    >
      1 250,00
       € brut.
    </strong>
     
  </p>
  <details
    class="c2"
  >
    <summary
      class="c3"
    >
      Voir le détail du calcul
    </summary>
    <strong
      class="c4"
    >
      Éléments saisis :
    </strong>
    <ul
      class="c5"
    >
      <li
        class="c6"
      >
        Ancienneté totale (A)
         : 
        1.25
      </li>
      <li
        class="c6"
      >
        Licenciement pour inaptitude
         : 
        oui
      </li>
      <li
        class="c6"
      >
        Salaire de réference (Sref)
         : 
        2000
      </li>
    </ul>
    <strong
      class="c4"
    >
      Formule :
    </strong>
    <div
      class="c7"
    >
      <div
        class="c8"
      >
        <div
          class="c9"
        >
          <div>
            <span
              class="katex-display"
            >
              <span
                class="katex"
              >
                <span
                  class="katex-mathml"
                >
                  <math
                    display="block"
                    xmlns="http://www.w3.org/1998/Math/MathML"
                  >
                    <semantics>
                      <mrow>
                        <mfrac>
                          <mn>
                            1
                          </mn>
                          <mn>
                            4
                          </mn>
                        </mfrac>
                        <mo>
                          ×
                        </mo>
                        <mi>
                          S
                        </mi>
                        <mi>
                          r
                        </mi>
                        <mi>
                          e
                        </mi>
                        <mi>
                          f
                        </mi>
                        <mo>
                          ×
                        </mo>
                        <mi>
                          A
                        </mi>
                        <mo>
                          ×
                        </mo>
                        <mn>
                          2
                        </mn>
                      </mrow>
                      <annotation
                        encoding="application/x-tex"
                      >
                        \\frac{1}{4} \\times Sref \\times A \\times 2
                      </annotation>
                    </semantics>
                  </math>
                </span>
                <span
                  aria-hidden="true"
                  class="katex-html"
                >
                  <span
                    class="base"
                  >
                    <span
                      class="strut"
                      style="height:2.00744em;vertical-align:-0.686em;"
                    />
                    <span
                      class="mord"
                    >
                      <span
                        class="mopen nulldelimiter"
                      />
                      <span
                        class="mfrac"
                      >
                        <span
                          class="vlist-t vlist-t2"
                        >
                          <span
                            class="vlist-r"
                          >
                            <span
                              class="vlist"
                              style="height:1.32144em;"
                            >
                              <span
                                style="top:-2.314em;"
                              >
                                <span
                                  class="pstrut"
                                  style="height:3em;"
                                />
                                <span
                                  class="mord"
                                >
                                  <span
                                    class="mord"
                                  >
                                    4
                                  </span>
                                </span>
                              </span>
                              <span
                                style="top:-3.23em;"
                              >
                                <span
                                  class="pstrut"
                                  style="height:3em;"
                                />
                                <span
                                  class="frac-line"
                                  style="border-bottom-width:0.04em;"
                                />
                              </span>
                              <span
                                style="top:-3.677em;"
                              >
                                <span
                                  class="pstrut"
                                  style="height:3em;"
                                />
                                <span
                                  class="mord"
                                >
                                  <span
                                    class="mord"
                                  >
                                    1
                                  </span>
                                </span>
                              </span>
                            </span>
                            <span
                              class="vlist-s"
                            >
                              ​
                            </span>
                          </span>
                          <span
                            class="vlist-r"
                          >
                            <span
                              class="vlist"
                              style="height:0.686em;"
                            >
                              <span />
                            </span>
                          </span>
                        </span>
                      </span>
                      <span
                        class="mclose nulldelimiter"
                      />
                    </span>
                    <span
                      class="mspace"
                      style="margin-right:0.2222222222222222em;"
                    />
                    <span
                      class="mbin"
                    >
                      ×
                    </span>
                    <span
                      class="mspace"
                      style="margin-right:0.2222222222222222em;"
                    />
                  </span>
                  <span
                    class="base"
                  >
                    <span
                      class="strut"
                      style="height:0.8888799999999999em;vertical-align:-0.19444em;"
                    />
                    <span
                      class="mord mathnormal"
                      style="margin-right:0.05764em;"
                    >
                      S
                    </span>
                    <span
                      class="mord mathnormal"
                    >
                      re
                    </span>
                    <span
                      class="mord mathnormal"
                      style="margin-right:0.10764em;"
                    >
                      f
                    </span>
                    <span
                      class="mspace"
                      style="margin-right:0.2222222222222222em;"
                    />
                    <span
                      class="mbin"
                    >
                      ×
                    </span>
                    <span
                      class="mspace"
                      style="margin-right:0.2222222222222222em;"
                    />
                  </span>
                  <span
                    class="base"
                  >
                    <span
                      class="strut"
                      style="height:0.76666em;vertical-align:-0.08333em;"
                    />
                    <span
                      class="mord mathnormal"
                    >
                      A
                    </span>
                    <span
                      class="mspace"
                      style="margin-right:0.2222222222222222em;"
                    />
                    <span
                      class="mbin"
                    >
                      ×
                    </span>
                    <span
                      class="mspace"
                      style="margin-right:0.2222222222222222em;"
                    />
                  </span>
                  <span
                    class="base"
                  >
                    <span
                      class="strut"
                      style="height:0.64444em;vertical-align:0em;"
                    />
                    <span
                      class="mord"
                    >
                      2
                    </span>
                  </span>
                </span>
              </span>
            </span>
          </div>
        </div>
      </div>
    </div>
  </details>
  <p>
    Source :
     
    <a
      href="https://www.legifrance.gouv.fr/affichCodeArticle.do?idArticle=LEGIARTI000035644154&cidTexte=LEGITEXT000006072050&dateTexte=20170924"
      rel="nofollow noopener"
      title="voir l'article L.1234-9 du code du travail sur légifrance"
    >
      Article L.1234-9 du code du travail
    </a>
    ,
    <a
      href="https://www.legifrance.gouv.fr/affichCode.do?idSectionTA=LEGISCTA000018537572&cidTexte=LEGITEXT000006072050&dateTexte=20170927"
      rel="nofollow noopener"
      title="voir les articles R1234-1 à R1234-4 du code du travail sur légifrance"
    >
      Article R1234-1 à R1234-4 du code du travail
    </a>
  </p>
  <div
    class="c10"
  >
    <div
      class="c11"
      role="alert"
    >
      Une convention collective, un accord d’entreprise, le contrat de travail ou un usage peuvent prévoir un montant plus favorable pour le salarié.
    </div>
  </div>
  <p>
    Pour en savoir plus sur l’indemnité de licenciement et son mode de calcul, consultez
     
    <a
      href="/fiche-service-public/indemnite-de-licenciement-du-salarie-en-cdi"
    >
      cet article
    </a>
    .
  </p>
</div>
`;
