// Jest Snapshot v1, https://goo.gl/fbAQLP

exports[`kosko generate --dev 1`] = `
"---
apiVersion: v1
kind: Namespace
metadata:
  annotations:
    field.cattle.io/creatorId: gitlab
    field.cattle.io/projectId: c-bar:p-foo
    git/branch: master
    git/remote: >-
      https://gitlab-ci-token:[MASKED]@gitlab.factory.social.gouv.fr/SocialGouv/code-du-travail-numerique.git
    app.gitlab.com/app: socialgouv-code-du-travail-numerique
    app.gitlab.com/env: master-dev42
    app.gitlab.com/env.name: master-dev42
  labels:
    azure-pg-admin-user: code-du-travail-numerique
    application: master-dev42-code-du-travail-numerique
    owner: code-du-travail-numerique
    team: code-du-travail-numerique
    cert: wildcard
  name: code-du-travail-numerique-85-master-dev42
---
apiVersion: apps/v1
kind: Deployment
metadata:
  annotations:
    kapp.k14s.io/disable-default-ownership-label-rules: ''
    kapp.k14s.io/disable-default-label-scoping-rules: ''
    app.gitlab.com/app: socialgouv-code-du-travail-numerique
    app.gitlab.com/env: master-dev42
    app.gitlab.com/env.name: master-dev42
  labels:
    app: api
    application: master-dev42-code-du-travail-numerique
    owner: code-du-travail-numerique
    team: code-du-travail-numerique
    cert: wildcard
  name: api
  namespace: code-du-travail-numerique-85-master-dev42
spec:
  replicas: 1
  selector:
    matchLabels:
      app: api
  template:
    metadata:
      annotations:
        kapp.k14s.io/disable-default-ownership-label-rules: ''
        kapp.k14s.io/disable-default-label-scoping-rules: ''
        app.gitlab.com/app: socialgouv-code-du-travail-numerique
        app.gitlab.com/env: master-dev42
        app.gitlab.com/env.name: master-dev42
      labels:
        app: api
        application: master-dev42-code-du-travail-numerique
        owner: code-du-travail-numerique
        team: code-du-travail-numerique
        cert: wildcard
    spec:
      containers:
        - image: >-
            harbor.fabrique.social.gouv.fr/cdtn/cdtn-api:0123456789abcdefghijklmnopqrstuvwxyz0123
          livenessProbe:
            failureThreshold: 6
            httpGet:
              path: /api/v1/version
              port: http
            initialDelaySeconds: 15
            periodSeconds: 5
            timeoutSeconds: 15
          name: api
          ports:
            - containerPort: 1337
              name: http
          readinessProbe:
            failureThreshold: 15
            httpGet:
              path: /api/v1/version
              port: http
            initialDelaySeconds: 5
            periodSeconds: 5
            successThreshold: 1
            timeoutSeconds: 3
          resources:
            limits:
              cpu: 500m
              memory: 1Gi
            requests:
              cpu: 100m
              memory: 320Mi
          startupProbe:
            failureThreshold: 12
            httpGet:
              path: /api/v1/version
              port: http
            periodSeconds: 5
            initialDelaySeconds: 0
            timeoutSeconds: 15
          env:
            - name: ELASTIC_APM_ENVIRONMENT
              value: cdtn-master-dev42
            - name: ES_INDEX_PREFIX
              value: cdtn-prod
            - name: VERSION
              value: master
          envFrom:
            - secretRef:
                name: api-secret
            - configMapRef:
                name: api-configmap
---
apiVersion: bitnami.com/v1alpha1
kind: SealedSecret
metadata:
  annotations:
    sealedsecrets.bitnami.com/cluster-wide: 'true'
    kapp.k14s.io/disable-default-ownership-label-rules: ''
    kapp.k14s.io/disable-default-label-scoping-rules: ''
    app.gitlab.com/app: socialgouv-code-du-travail-numerique
    app.gitlab.com/env: master-dev42
    app.gitlab.com/env.name: master-dev42
  name: api-secret
  namespace: code-du-travail-numerique-85-master-dev42
  labels:
    application: master-dev42-code-du-travail-numerique
    owner: code-du-travail-numerique
    team: code-du-travail-numerique
    cert: wildcard
spec:
  encryptedData:
    ELASTIC_APM_SECRET_TOKEN: >-
      AgCCW05748GK8JN13dSMz2ZWKVUKomvJ16M4bRHnU4E+kHogBsOQVLlTzOMf444Bh1mv0IBFohFVbqo99ZVaJ3qvKWNT6sFZw5ezaH0YB0oL0WH7nhDHkaRPsalRHu9XfDc7DMPZkRKb8ESambfkXhFd/XhsBJAjo8kdnTry0NWFXh0iTjiYQ13/4TUNenleby8EmJBzap0hAkSE8NI/zJ3y3xFVIjT1YX2F/ZHdZ7KIx5WJua0jApPzGjFennlNIIMj/I/cBBDjsSf/dm66wDEKTufhuQ4h6VnlUzcZ6UUKAM7UvZcuzqFS/waYOizG8DXYes1P3u3ZjYyZVAcGB6Z6hbLlculSFQ628KNT8hqbTAM/NktidAIc9qFWk21f/g9jOQJO8phiPfLKKV+340tos9JgQlix4I3vkGVLJb6jmO5jL4sJXJu+vSklSeRoq9EEmB3JxCKG8tV/TjaeLPqAhRpqNSVArSx/VLhNffr0XqNhmHehxI4SAdzjEn+5DdHYDhm3knLSrFq0ckwtx3I5k8HXwOamUjtOtqhKwh9UTd6htMKbBI9l1Cg5LT3wCr5IJaUDkXQD0mT88BKI1SwhehErv3EEBgc8IoIdgh3fr/nLtQVFuG3btx8ONhDDP1b+sdsitFnWODU7/FDt0vQgYApylBZUdVTuKy8DmmwI++5OxzTIivpfKXHU0X7ym6Ec5OQUsBm8/srxSoMpsrhEk7M=
    ELASTIC_APM_SERVER_URL: >-
      AgA7RyST8+fyWyDiPW4uhsCQvevRgDquaKZE3TVDA1xt3agxUC4ioz4AOO7RbQD25hw9eBtlxSqLumhKhs0HbuxFmt4PSpHEBTkIgiBQvkIkSDD0y5VhxgiVqhHbvO6hQAX/WofFVjRw5fMS4PrxTMdpTzYDIxexB146n6sqJsIVTYVQr/ZZ9cZ5PWCb8GQEPoIOPvrXxfgk/TljQ8cXgQsRKKA08LpgYKCaT/wDLNYjGLluyUoGXVRtbN6w0bPTkK2XypmzdfZZWVdVni0fvxwLj9lk45G5eHSHWFTrMmDaxMfanvdl97AHdtwWRidoIJ3DHgzpqlfiJolHqQt3GQ0uf/qwJL/24DQKk9Pt4BkTd8d6QvKRoqp2znFoBFLsnkYiDNfCFopH2WKmAHXTFNRJzkCwcI9Xj/QMgCgayeDP1e2B91qXwYk+J0v989RF07BqmzL0KAxjzf5OroTWMyHD8nQrczpfTfQ3X259voyD+pjFfnSCPYFC4tAHX0opq9iE+seKfwA8RmoDJF36w8Er8mUIM/C5kE+YzNqFOjbC2+NPNvPmGM364QmdyBAs1IfXi6Z4ChOT4picHyjo0c/c8nIjoukXcIw9lgg5jK3AbJBSLLEq2gWPZpLXyQd4RDKpdAq/3BAtGTsRDTWoc8Cpeqfrz2xVOifBfyqE3OJjSJSUKPPGcWk2BR9vYE3JTRmMtpR8NorgpGj5fV1/4rbgjGxFHbSIwN/PemBA+8h9his+30vBNkjDRYIjtXA+PsC2tiWM7FlR5xlfUrqkNa4ILbDcBFSjSzYRQn3k2g==
    ELASTICSEARCH_URL: >-
      AgCOIiDaHRKNdV8qEgKxmMTGVXbfo+K9hgpFH4E0gl4WQdbKf6TR6JxEojM4JY6C5ajQ25lAt7KKRVtrrBBCCwvSWaCSJY/wb1QtzeKFkdFhA2mPPAD2YMEfeoqLElRisTnKerTqnhMckjAR+z5rQ0B+FPNYPDbdELwQQqE25lFHLrnWYgjCRaJ4uXe5fh0KQySWuemuFrYVeikbaUYnRvR6w4nfu1oXzMIUevFD3rCu371ViR6cgA6BYPemNf42AFjuyX6lIA6DH9485f+/YCCNVybHRiJ4W2+45ciz9M2lN03kzMrXAgj7w4f8uPg9VBBkrbFN5tks1OqbqLlhur/7sUX3n/FjC5/xW95L4O8XjC90u4WFHuANmfY+t2uDmp3qpQ/xmskHV37kwb3wq6r5+67sYrx39I9OfXqpucSHboEB6nv3PuAe3M7uEGotlwHZkhraNXOKVo4Xv7M3HMWVFdWpB1OnDCl9gQnDydy0D+/Sqagcbl3xBcVxT5WLJhLs/8Yl80MmtGkWVFo/YZGLPxzCHxrMVQoZGsjUhflwBGHMxHTnxQWiT7aT+6eOk3yFmKx0sBtJkA8NY+7wXUG/Y0ZPtVme1/528CEvHH8mNRw8DD+F4ZdtE4eurf7bH52QaZxD8SCblNl5/JK/ExKQHVm70KbR4mNC4YVee1+bBXixNg/PU5i1b15qWV7xuH9l97BhRGZ+tSDF5m6rvOL9W0oE4vKJQZp6KQhMS/pXtAUHffbBikWTTrUnZOH+ZFLnbv3wONg8e1rixjbXuC67K/BA
    ELASTICSEARCH_TOKEN_API: >-
      AgBxNmw2Of1Jbw+qkaSIqyXQjjfvOV68UTw59sbQMW1p3cSXHzyQQtQJc4iQLPfqfTuSsxXgDac+Bq/8uhWvZfKl1sykBFvWfX8HzFfUCjSO87GTVj0K/ThTdZ/Xx9XKCjKcB79revXvzviKkOuieM90IS5Npx3QKsfdPLi1MQNEkahuRJ7E6SedOYnthGo2jGr0Io864ddREvV5vVBcnAYJ/BEHhAjSmmw22zIQO09wfsTd0pc2RiBbOKpKXm09Lbo1fce1cUhFSY5EbciMCIFDqbHb6LfpZB8Gil4g4D2X8FeZ0k5b7Hgj655cAHUcBfMBLMzdzjM5nXkpJqSkPb8c8NyyZ6Q5nmBmP5gpYrI1xtQ6hdJVirV9Q1X6b0iueTPBjtb460BBfz5RiCwcsQF20gNTwF/NAiTe2LMv34H3+VUhSpxpvDX8dkBAYsAJBRIFSlL7BWJPyM+xPBJou2QehTs3lHeVuOv5kHKTRRV18oPAQkgrtwdqz8jsTx0pI30V8ZAzB9DqC22j5sSpqa0dKK2pgx9pqspKSqLOMwUgFjel/Dj76LbdDAIKNTSBeDKCK+UcNbnwFB9iGzKkyi2J5BMZCaAD1rcyfoi1+P2YhpSUKERQRrAu0B4zFbqgA4kJx3qrpG4zJJYiuLyQZNMAuAU/Ev/18i6JfCEAU06mQ/7UFrnbGv5r3tK6SSW9hrDF+EUKQLFBqfFw9Aowu9A6kAnCaGOgRLNEf6tci7GxaPazZIy/oEaGbc39v6fkOGaG3BYwP52TSt6WxfQ=
  template:
    metadata:
      annotations:
        sealedsecrets.bitnami.com/cluster-wide: 'true'
        kapp.k14s.io/disable-default-ownership-label-rules: ''
        kapp.k14s.io/disable-default-label-scoping-rules: ''
        app.gitlab.com/app: socialgouv-code-du-travail-numerique
        app.gitlab.com/env: master-dev42
        app.gitlab.com/env.name: master-dev42
      name: api-secret
      labels:
        application: master-dev42-code-du-travail-numerique
        owner: code-du-travail-numerique
        team: code-du-travail-numerique
        cert: wildcard
    type: Opaque
---
apiVersion: v1
kind: ConfigMap
metadata:
  name: api-configmap
  annotations:
    kapp.k14s.io/disable-default-ownership-label-rules: ''
    kapp.k14s.io/disable-default-label-scoping-rules: ''
    app.gitlab.com/app: socialgouv-code-du-travail-numerique
    app.gitlab.com/env: master-dev42
    app.gitlab.com/env.name: master-dev42
  labels:
    application: master-dev42-code-du-travail-numerique
    owner: code-du-travail-numerique
    team: code-du-travail-numerique
    cert: wildcard
  namespace: code-du-travail-numerique-85-master-dev42
data:
  ELASTIC_APM_ACTIVE: 'false'
  ELASTIC_APM_SERVICE_NAME: cdtn-api
  ELASTIC_APM_USE_PATH_AS_TRANSACTION_NAME: 'true'
  NLP_URL: https://preprod-serving-ml.dev2.fabrique.social.gouv.fr
  NODE_ENV: production
  PIWIK_SITE_ID: '3'
  PIWIK_URL: https://matomo.fabrique.social.gouv.fr
---
apiVersion: v1
kind: Service
metadata:
  labels:
    app: api
    application: master-dev42-code-du-travail-numerique
    owner: code-du-travail-numerique
    team: code-du-travail-numerique
    cert: wildcard
  name: api
  annotations:
    kapp.k14s.io/disable-default-ownership-label-rules: ''
    kapp.k14s.io/disable-default-label-scoping-rules: ''
    app.gitlab.com/app: socialgouv-code-du-travail-numerique
    app.gitlab.com/env: master-dev42
    app.gitlab.com/env.name: master-dev42
  namespace: code-du-travail-numerique-85-master-dev42
spec:
  ports:
    - name: http
      port: 80
      targetPort: 1337
  selector:
    app: api
  type: ClusterIP
---
apiVersion: extensions/v1beta1
kind: Ingress
metadata:
  annotations:
    kubernetes.io/ingress.class: nginx
    kapp.k14s.io/disable-default-ownership-label-rules: ''
    kapp.k14s.io/disable-default-label-scoping-rules: ''
    app.gitlab.com/app: socialgouv-code-du-travail-numerique
    app.gitlab.com/env: master-dev42
    app.gitlab.com/env.name: master-dev42
  labels:
    app: api
    application: master-dev42-code-du-travail-numerique
    owner: code-du-travail-numerique
    team: code-du-travail-numerique
    cert: wildcard
  name: api
  namespace: code-du-travail-numerique-85-master-dev42
spec:
  rules:
    - host: api-master-dev42-code-du-travail-numerique.dev42.fabrique.social.gouv.fr
      http:
        paths:
          - backend:
              serviceName: api
              servicePort: 80
            path: /
  tls:
    - hosts:
        - >-
          api-master-dev42-code-du-travail-numerique.dev42.fabrique.social.gouv.fr
      secretName: wildcard-crt
---
apiVersion: apps/v1
kind: Deployment
metadata:
  annotations:
    kapp.k14s.io/disable-default-ownership-label-rules: ''
    kapp.k14s.io/disable-default-label-scoping-rules: ''
    app.gitlab.com/app: socialgouv-code-du-travail-numerique
    app.gitlab.com/env: master-dev42
    app.gitlab.com/env.name: master-dev42
  labels:
    app: www
    application: master-dev42-code-du-travail-numerique
    owner: code-du-travail-numerique
    team: code-du-travail-numerique
    cert: wildcard
  name: www
  namespace: code-du-travail-numerique-85-master-dev42
spec:
  replicas: 1
  selector:
    matchLabels:
      app: www
  template:
    metadata:
      annotations:
        kapp.k14s.io/disable-default-ownership-label-rules: ''
        kapp.k14s.io/disable-default-label-scoping-rules: ''
        app.gitlab.com/app: socialgouv-code-du-travail-numerique
        app.gitlab.com/env: master-dev42
        app.gitlab.com/env.name: master-dev42
      labels:
        app: www
        application: master-dev42-code-du-travail-numerique
        owner: code-du-travail-numerique
        team: code-du-travail-numerique
        cert: wildcard
    spec:
      containers:
        - image: >-
            harbor.fabrique.social.gouv.fr/cdtn/cdtn-frontend:0123456789abcdefghijklmnopqrstuvwxyz0123
          livenessProbe:
            failureThreshold: 6
            httpGet:
              path: /health
              port: http
            initialDelaySeconds: 15
            periodSeconds: 5
            timeoutSeconds: 15
          name: www
          ports:
            - containerPort: 3000
              name: http
          readinessProbe:
            failureThreshold: 15
            httpGet:
              path: /health
              port: http
            initialDelaySeconds: 5
            periodSeconds: 5
            successThreshold: 1
            timeoutSeconds: 3
          resources:
            limits:
              cpu: 500m
              memory: 560Mi
            requests:
              cpu: 200m
              memory: 256Mi
          startupProbe:
            failureThreshold: 12
            httpGet:
              path: /health
              port: http
            periodSeconds: 5
            initialDelaySeconds: 10
            timeoutSeconds: 15
          env:
            - name: API_URL
              value: >-
                https://api-master-dev42-code-du-travail-numerique.dev42.fabrique.social.gouv.fr/api/v1
            - name: COMMIT
              value: 0123456789abcdefghijklmnopqrstuvwxyz0123
            - name: VERSION
              value: master
            - name: FRONTEND_HOST
              value: >-
                master-dev42-code-du-travail-numerique.dev42.fabrique.social.gouv.fr
          envFrom:
            - configMapRef:
                name: www-configmap
      initContainers:
        - args:
            - http://api
          image: ghcr.io/socialgouv/docker/wait-for-http:6.26.2
          imagePullPolicy: Always
          name: wait-for-www
          resources:
            limits:
              cpu: 20m
              memory: 32Mi
            requests:
              cpu: 5m
              memory: 16Mi
---
apiVersion: v1
kind: ConfigMap
metadata:
  name: www-configmap
  annotations:
    kapp.k14s.io/disable-default-ownership-label-rules: ''
    kapp.k14s.io/disable-default-label-scoping-rules: ''
    app.gitlab.com/app: socialgouv-code-du-travail-numerique
    app.gitlab.com/env: master-dev42
    app.gitlab.com/env.name: master-dev42
  labels:
    application: master-dev42-code-du-travail-numerique
    owner: code-du-travail-numerique
    team: code-du-travail-numerique
    cert: wildcard
  namespace: code-du-travail-numerique-85-master-dev42
data:
  AZURE_BASE_URL: https://cdtnadmindev.blob.core.windows.net
  AZURE_CONTAINER: cdtn-dev
  IS_PRODUCTION_DEPLOYMENT: 'false'
  NODE_ENV: production
  PIWIK_SITE_ID: '3'
  PIWIK_URL: https://matomo.fabrique.social.gouv.fr
  PROD_HOSTNAME: code.travail.gouv.fr
  SENTRY_PUBLIC_DSN: https://c2aa7e731a494cfd8f7fb1ddabca11c9@sentry.fabrique.social.gouv.fr/5
---
apiVersion: v1
kind: Service
metadata:
  labels:
    app: www
    application: master-dev42-code-du-travail-numerique
    owner: code-du-travail-numerique
    team: code-du-travail-numerique
    cert: wildcard
  name: www
  annotations:
    kapp.k14s.io/disable-default-ownership-label-rules: ''
    kapp.k14s.io/disable-default-label-scoping-rules: ''
    app.gitlab.com/app: socialgouv-code-du-travail-numerique
    app.gitlab.com/env: master-dev42
    app.gitlab.com/env.name: master-dev42
  namespace: code-du-travail-numerique-85-master-dev42
spec:
  ports:
    - name: http
      port: 80
      targetPort: 3000
  selector:
    app: www
  type: ClusterIP
---
apiVersion: extensions/v1beta1
kind: Ingress
metadata:
  annotations:
    kubernetes.io/ingress.class: nginx
    kapp.k14s.io/disable-default-ownership-label-rules: ''
    kapp.k14s.io/disable-default-label-scoping-rules: ''
    app.gitlab.com/app: socialgouv-code-du-travail-numerique
    app.gitlab.com/env: master-dev42
    app.gitlab.com/env.name: master-dev42
  labels:
    app: www
    application: master-dev42-code-du-travail-numerique
    owner: code-du-travail-numerique
    team: code-du-travail-numerique
    cert: wildcard
  name: www
  namespace: code-du-travail-numerique-85-master-dev42
spec:
  rules:
    - host: master-dev42-code-du-travail-numerique.dev42.fabrique.social.gouv.fr
      http:
        paths:
          - backend:
              serviceName: www
              servicePort: 80
            path: /
  tls:
    - hosts:
        - master-dev42-code-du-travail-numerique.dev42.fabrique.social.gouv.fr
      secretName: wildcard-crt
"
`;
